
> @vyleralabs/vylera-ai@0.1.0 build
> next build

Γû▓ Next.js 16.1.1 (Turbopack)

node.exe : ΓÜá The 
"middleware" file 
convention is 
deprecated. Please 
use "proxy" instead. 
Learn more: https://ne
xtjs.org/docs/messages
/middleware-to-proxy
At line:1 char:1
+ & "C:\Program Files\
nodejs/node.exe" 
"C:\Program 
Files\nodejs/node_mo 
...
+ ~~~~~~~~~~~~~~~~~~~~
~~~~~~~~~~~~~~~~~~~~~~
~~~~~~~~~~~~~~~~~~~~~~
~~~~~
    + CategoryInfo    
          : NotSpeci  
  fied: (ΓÜá The "m   
 iddle...leware-to    
-proxy:String) []    
, RemoteException
    + FullyQualifiedE 
   rrorId : NativeCo  
  mmandError
 
  Creating an optimized production build ...

> Build error occurred
Error: Turbopack 
build failed with 1 
errors:
./app/[locale]/layout.
tsx:5:1
Module not found: 
Can't resolve 
'./globals.css'
[0m [90m 3 |[39m 
[36mimport[39m { 
getMessages } 
[36mfrom[39m [32m'n
ext-intl/server'[39m
[33m;[39m
 [90m 4 |[39m 
[36mimport[39m { [3
3mGeist[39m[33m,[39
m [33mGeist_Mono[39m
[33m,[39m [33mPlayf
air_Display[39m } 
[36mfrom[39m [32m"n
ext/font/google"[39m
[33m;[39m
[31m[1m>[22m[39m[
90m 5 |[39m 
[36mimport[39m [32m
"./globals.css"[39m[
33m;[39m
 [90m   |[39m [31m
[1m^[22m[39m[31m[1
m^[22m[39m[31m[1m^
[22m[39m[31m[1m^[
22m[39m[31m[1m^[22
m[39m[31m[1m^[22m
[39m[31m[1m^[22m[3
9m[31m[1m^[22m[39m
[31m[1m^[22m[39m[
31m[1m^[22m[39m[31
m[1m^[22m[39m[31m
[1m^[22m[39m[31m[1
m^[22m[39m[31m[1m^
[22m[39m[31m[1m^[
22m[39m[31m[1m^[22
m[39m[31m[1m^[22m
[39m[31m[1m^[22m[3
9m[31m[1m^[22m[39m
[31m[1m^[22m[39m[
31m[1m^[22m[39m[31
m[1m^[22m[39m[31m
[1m^[22m[39m
 [90m 6 |[39m
 [90m 7 |[39m 
[36mimport[39m [33m
FooterStatus[39m 
[36mfrom[39m [32m"@
/components/FooterStat
us"[39m[33m;[39m
 [90m 8 |[39m 
[36mimport[39m [33m
NeuralStatusBar[39m 
[36mfrom[39m [32m"@
/components/NeuralStat
usBar"[39m[33m;[39m
[0m



https://nextjs.org/doc
s/messages/module-not-
found


    at <unknown> (./ap
p/[locale]/layout.tsx:
5:1)
    at <unknown> (http
s://nextjs.org/docs/me
ssages/module-not-foun
d)
