
> @vyleralabs/vylera-ai@0.1.0 build
> next build

Γû▓ Next.js 16.1.1 (Turbopack)

node.exe : ΓÜá The 
"middleware" file 
convention is 
deprecated. Please 
use "proxy" instead. 
Learn more: https://ne
xtjs.org/docs/messages
/middleware-to-proxy
At line:1 char:1
+ & "C:\Program Files\
nodejs/node.exe" 
"C:\Program 
Files\nodejs/node_mo 
...
+ ~~~~~~~~~~~~~~~~~~~~
~~~~~~~~~~~~~~~~~~~~~~
~~~~~~~~~~~~~~~~~~~~~~
~~~~~
    + CategoryInfo    
          : NotSpeci  
  fied: (ΓÜá The "m   
 iddle...leware-to    
-proxy:String) []    
, RemoteException
    + FullyQualifiedE 
   rrorId : NativeCo  
  mmandError
 
  Creating an optimized production build ...

> Build error occurred
Error: Turbopack 
build failed with 1 
errors:
./app/[locale]/page.ts
x:6:20
Ecmascript file had 
an error
[0m [90m 4 |[39m 
[36mimport[39m 
dynamic 
[36mfrom[39m [32m"n
ext/dynamic"[39m[33m
;[39m
 [90m 5 |[39m
[31m[1m>[22m[39m[
90m 6 |[39m 
[36mconst[39m 
[33mSplitEntry[39m 
[33m=[39m 
dynamic(() 
[33m=>[39m [36mimpo
rt[39m([32m"@/compon
ents/Landing/SplitEntr
y"[39m)[33m,[39m { 
ssr[33m:[39m 
[36mfalse[39m 
})[33m;[39m
 [90m   |[39m       
             [31m[1m
^[22m[39m[31m[1m^
[22m[39m[31m[1m^[2
2m[39m[31m[1m^[22m
[39m[31m[1m^[22m[
39m[31m[1m^[22m[39
m[31m[1m^[22m[39m
[31m[1m^[22m[39m[3
1m[1m^[22m[39m[31m
[1m^[22m[39m[31m[
1m^[22m[39m[31m[1m
^[22m[39m[31m[1m^
[22m[39m[31m[1m^[2
2m[39m[31m[1m^[22m
[39m[31m[1m^[22m[
39m[31m[1m^[22m[39
m[31m[1m^[22m[39m
[31m[1m^[22m[39m[3
1m[1m^[22m[39m[31m
[1m^[22m[39m[31m[
1m^[22m[39m[31m[1m
^[22m[39m[31m[1m^
[22m[39m[31m[1m^[2
2m[39m[31m[1m^[22m
[39m[31m[1m^[22m[
39m[31m[1m^[22m[39
m[31m[1m^[22m[39m
[31m[1m^[22m[39m[3
1m[1m^[22m[39m[31m
[1m^[22m[39m[31m[
1m^[22m[39m[31m[1m
^[22m[39m[31m[1m^
[22m[39m[31m[1m^[2
2m[39m[31m[1m^[22m
[39m[31m[1m^[22m[
39m[31m[1m^[22m[39
m[31m[1m^[22m[39m
[31m[1m^[22m[39m[3
1m[1m^[22m[39m[31m
[1m^[22m[39m[31m[
1m^[22m[39m[31m[1m
^[22m[39m[31m[1m^
[22m[39m[31m[1m^[2
2m[39m[31m[1m^[22m
[39m[31m[1m^[22m[
39m[31m[1m^[22m[39
m[31m[1m^[22m[39m
[31m[1m^[22m[39m[3
1m[1m^[22m[39m[31m
[1m^[22m[39m[31m[
1m^[22m[39m[31m[1m
^[22m[39m[31m[1m^
[22m[39m[31m[1m^[2
2m[39m[31m[1m^[22m
[39m[31m[1m^[22m[
39m[31m[1m^[22m[39
m[31m[1m^[22m[39m
[31m[1m^[22m[39m[3
1m[1m^[22m[39m[31m
[1m^[22m[39m[31m[
1m^[22m[39m[31m[1m
^[22m[39m[31m[1m^
[22m[39m[31m[1m^[2
2m[39m[31m[1m^[22m
[39m[31m[1m^[22m[
39m[31m[1m^[22m[39
m
 [90m 7 |[39m
 [90m 8 |[39m 
[36mexport[39m 
[36mdefault[39m 
[36masync[39m 
[36mfunction[39m 
[33mHome[39m({
 [90m 9 |[39m   
params[33m,[39m[0m

`ssr: false` is not 
allowed with 
`next/dynamic` in 
Server Components. 
Please move it into a 
Client Component.


    at <unknown> (./ap
p/[locale]/page.tsx:6:
20)
